<DC>
<Build>
5
</Build>
<List>
<OBJ>
<Name>
Search (Beta) >
</Name>
<URL>
127.0.0.1:80\Test.htm
</URL>
<Icon>
DC9://Images/Search_Beta.png
</Icon>
</OBJ>
<OBJ>
<Name>
Test
</Name>
<URL>
127.0.0.1:80\Test.htm
</URL>
<Icon>
https://raw.githubusercontent.com/creeperlv/DC9/master/Todays/Testing.png
</Icon>
</OBJ>
<OBJ>
<Name>
Test
</Name>
<URL>
127.0.0.1:80\Test.htm
</URL>
<Icon>
https://raw.githubusercontent.com/creeperlv/DC9/master/Todays/Testing.png
</Icon>
</OBJ>
<OBJ>
<Name>
Test
</Name>
<URL>
127.0.0.1:80\Test.htm
</URL>
<Icon>
https://raw.githubusercontent.com/creeperlv/DC9/master/Todays/Testing.png
</Icon>
</OBJ>
<OBJ>
<Name>
Test
</Name>
<URL>
127.0.0.1:80\Test.htm
</URL>
<Icon>
https://raw.githubusercontent.com/creeperlv/DC9/master/Todays/Testing.png
</Icon>
</OBJ>
<OBJ>
<Name>
Test
</Name>
<URL>
127.0.0.1:80\Test.htm
</URL>
<Icon>
https://raw.githubusercontent.com/creeperlv/DC9/master/Todays/Testing.png
</Icon>
</OBJ>
<OBJ>
<Name>
Test
</Name>
<URL>
127.0.0.1:80\Test.htm
</URL>
<Icon>
https://raw.githubusercontent.com/creeperlv/DC9/master/Todays/Testing.png
</Icon>
</OBJ>
<OBJ>
<Name>
Test
</Name>
<URL>
127.0.0.1:80\Test.htm
</URL>
<Icon>
https://raw.githubusercontent.com/creeperlv/DC9/master/Todays/Testing.png
</Icon>
</OBJ>
<OBJ>
<Name>
Test
</Name>
<URL>
127.0.0.1:80\Test.htm
</URL>
<Icon>
https://raw.githubusercontent.com/creeperlv/DC9/master/Todays/Testing.png
</Icon>
</OBJ>
<OBJ>
<Name>
Test
</Name>
<URL>
127.0.0.1:80\Test.htm
</URL>
<Icon>
https://raw.githubusercontent.com/creeperlv/DC9/master/Todays/Testing.png
</Icon>
</OBJ>
<OBJ>
<Name>
Test
</Name>
<URL>
127.0.0.1:80\Test.htm
</URL>
<Icon>
https://raw.githubusercontent.com/creeperlv/DC9/master/Todays/Testing.png
</Icon>
</OBJ>
<OBJ>
<Name>
Test
</Name>
<URL>
127.0.0.1:80\Test.htm
</URL>
<Icon>
https://raw.githubusercontent.com/creeperlv/DC9/master/Todays/Testing.png
</Icon>
</OBJ>
<OBJ>
<Name>
Test
</Name>
<URL>
127.0.0.1:80\Test.htm
</URL>
<Icon>
https://raw.githubusercontent.com/creeperlv/DC9/master/Todays/Testing.png
</Icon>
</OBJ>
<OBJ>
<Name>
Test
</Name>
<URL>
127.0.0.1:80\Test.htm
</URL>
<Icon>
https://raw.githubusercontent.com/creeperlv/DC9/master/Todays/Testing.png
</Icon>
</OBJ>
<OBJ>
<Name>
Test
</Name>
<URL>
127.0.0.1:80\Test.htm
</URL>
<Icon>
https://raw.githubusercontent.com/creeperlv/DC9/master/Todays/Testing.png
</Icon>
</OBJ>
<OBJ>
<Name>
Test
</Name>
<URL>
127.0.0.1:80\Test.htm
</URL>
<Icon>
https://raw.githubusercontent.com/creeperlv/DC9/master/Todays/Testing.png
</Icon>
</OBJ>
<OBJ>
<Name>
Test
</Name>
<URL>
127.0.0.1:80\Test.htm
</URL>
<Icon>
https://raw.githubusercontent.com/creeperlv/DC9/master/Todays/Testing.png
</Icon>
</OBJ>
<OBJ>
<Name>
Test
</Name>
<URL>
127.0.0.1:80\Test.htm
</URL>
<Icon>
https://raw.githubusercontent.com/creeperlv/DC9/master/Todays/Testing.png
</Icon>
</OBJ>
<OBJ>
<Name>
Test
</Name>
<URL>
127.0.0.1:80\Test.htm
</URL>
<Icon>
https://raw.githubusercontent.com/creeperlv/DC9/master/Todays/Testing.png
</Icon>
</OBJ>
<OBJ>
<Name>
Test
</Name>
<URL>
127.0.0.1:80\Test.htm
</URL>
<Icon>
https://raw.githubusercontent.com/creeperlv/DC9/master/Todays/Testing.png
</Icon>
</OBJ>
<OBJ>
<Name>
Test
</Name>
<URL>
127.0.0.1:80\Test.htm
</URL>
<Icon>
https://raw.githubusercontent.com/creeperlv/DC9/master/Todays/Testing.png
</Icon>
</OBJ>
<OBJ>
<Name>
Test
</Name>
<URL>
127.0.0.1:80\Test.htm
</URL>
<Icon>
https://raw.githubusercontent.com/creeperlv/DC9/master/Todays/Testing.png
</Icon>
</OBJ>
<OBJ>
<Name>
Test
</Name>
<URL>
127.0.0.1:80\Test.htm
</URL>
<Icon>
https://raw.githubusercontent.com/creeperlv/DC9/master/Todays/Testing.png
</Icon>
</OBJ>
<OBJ>
<Name>
Test
</Name>
<URL>
127.0.0.1:80\Test.htm
</URL>
<Icon>
https://raw.githubusercontent.com/creeperlv/DC9/master/Todays/Testing.png
</Icon>
</OBJ>
<OBJ>
<Name>
Test
</Name>
<URL>
127.0.0.1:80\Test.htm
</URL>
<Icon>
https://raw.githubusercontent.com/creeperlv/DC9/master/Todays/Testing.png
</Icon>
</OBJ>
<OBJ>
<Name>
Test
</Name>
<URL>
127.0.0.1:80\Test.htm
</URL>
<Icon>
https://raw.githubusercontent.com/creeperlv/DC9/master/Todays/Testing.png
</Icon>
</OBJ>
<OBJ>
<Name>
Test
</Name>
<URL>
127.0.0.1:80\Test.htm
</URL>
<Icon>
https://raw.githubusercontent.com/creeperlv/DC9/master/Todays/Testing.png
</Icon>
</OBJ>
<OBJ>
<Name>
Test
</Name>
<URL>
127.0.0.1:80\Test.htm
</URL>
<Icon>
https://raw.githubusercontent.com/creeperlv/DC9/master/Todays/Testing.png
</Icon>
</OBJ>
<OBJ>
<Name>
Test
</Name>
<URL>
127.0.0.1:80\Test.htm
</URL>
<Icon>
https://raw.githubusercontent.com/creeperlv/DC9/master/Todays/Testing.png
</Icon>
</OBJ>
<OBJ>
<Name>
Test
</Name>
<URL>
127.0.0.1:80\Test.htm
</URL>
<Icon>
https://raw.githubusercontent.com/creeperlv/DC9/master/Todays/Testing.png
</Icon>
</OBJ>
<OBJ>
<Name>
Test
</Name>
<URL>
127.0.0.1:80\Test.htm
</URL>
<Icon>
https://raw.githubusercontent.com/creeperlv/DC9/master/Todays/Testing.png
</Icon>
</OBJ>
<OBJ>
<Name>
Test
</Name>
<URL>
127.0.0.1:80\Test.htm
</URL>
<Icon>
https://raw.githubusercontent.com/creeperlv/DC9/master/Todays/Testing.png
</Icon>
</OBJ>
<OBJ>
<Name>
Test
</Name>
<URL>
127.0.0.1:80\Test.htm
</URL>
<Icon>
https://raw.githubusercontent.com/creeperlv/DC9/master/Todays/Testing.png
</Icon>
</OBJ>
<OBJ>
<Name>
Test
</Name>
<URL>
127.0.0.1:80\Test.htm
</URL>
<Icon>
https://raw.githubusercontent.com/creeperlv/DC9/master/Todays/Testing.png
</Icon>
</OBJ>
<OBJ>
<Name>
Test
</Name>
<URL>
127.0.0.1:80\Test.htm
</URL>
<Icon>
https://raw.githubusercontent.com/creeperlv/DC9/master/Todays/Testing.png
</Icon>
</OBJ>
<OBJ>
<Name>
Test
</Name>
<URL>
127.0.0.1:80\Test.htm
</URL>
<Icon>
https://raw.githubusercontent.com/creeperlv/DC9/master/Todays/Testing.png
</Icon>
</OBJ>
<OBJ>
<Name>
Test
</Name>
<URL>
127.0.0.1:80\Test.htm
</URL>
<Icon>
https://raw.githubusercontent.com/creeperlv/DC9/master/Todays/Testing.png
</Icon>
</OBJ>
<OBJ>
<Name>
Test
</Name>
<URL>
127.0.0.1:80\Test.htm
</URL>
<Icon>
https://raw.githubusercontent.com/creeperlv/DC9/master/Todays/Testing.png
</Icon>
</OBJ>
<OBJ>
<Name>
Test
</Name>
<URL>
127.0.0.1:80\Test.htm
</URL>
<Icon>
https://raw.githubusercontent.com/creeperlv/DC9/master/Todays/Testing.png
</Icon>
</OBJ>
<OBJ>
<Name>
Test
</Name>
<URL>
127.0.0.1:80\Test.htm
</URL>
<Icon>
https://raw.githubusercontent.com/creeperlv/DC9/master/Todays/Testing.png
</Icon>
</OBJ>
<OBJ>
<Name>
Test
</Name>
<URL>
127.0.0.1:80\Test.htm
</URL>
<Icon>
https://raw.githubusercontent.com/creeperlv/DC9/master/Todays/Testing.png
</Icon>
</OBJ>
</List>
</DC>
<!>This file is only can be use in test!
<!>Copyright (C) 2013-2015 2048Studio
<!>No rights reserved.
<!>Wait! Don't copy this file until Beta Preview!
