<DC>
<VersionsList/>
<Versions>
<Version>
<Ver>
0.0.1 Alpha Preview
</Ver>
<Build>
1
</Build>
<WarningLevel>
3
</WarningLevel>
<URL>
https://raw.githubusercontent.com/creeperlv/DC9/master/Versions/0.0.1_b1.jar
</URL>
</Version>
<Version>
<Ver>
0.0.5 Alpha Preview
</Ver>
<Build>
5
</Build>
<WarningLevel>
3
</WarningLevel>
<URL>
https://raw.githubusercontent.com/creeperlv/DC9/master/Versions/0.0.5_b5.jar
</URL>
</Version>
<Version>
<Ver>
0.0.6 Alpha Preview
</Ver>
<Build>
6
</Build>
<WarningLevel>
3
</WarningLevel>
<URL>
https://raw.githubusercontent.com/creeperlv/DC9/master/Versions/0.0.6_b6.jar
</URL>
</Version>
<Version>
<Ver>
0.0.7 Alpha Preview
</Ver>
<Build>
7
</Build>
<WarningLevel>
3
</WarningLevel>
<URL>
https://raw.githubusercontent.com/creeperlv/DC9/master/Versions/0.0.7_b7.jar
</URL>
</Version>
<Version>
<Ver>
0.0.8 Alpha Preview
</Ver>
<Build>
8
</Build>
<WarningLevel>
3
</WarningLevel>
<URL>
https://raw.githubusercontent.com/creeperlv/DC9/master/Versions/0.0.8_b8.jar
</URL>
</Version>
<Version>
<Ver>
0.0.9
</Ver>
<Build>
9 Alpha Preview
</Build>
<WarningLevel>
3
</WarningLevel>
<URL>
https://raw.githubusercontent.com/creeperlv/DC9/master/Versions/0.0.9_b9.jar
</URL>
<NF>
https://raw.githubusercontent.com/creeperlv/DC9/master/Versions/0.0.9_b9.html
</NF>
</Version>
</Versions>
</DC>
<!>NF-New Feature
<!>Warning Level:
<!>0-Fit to use only with a few bug.√
<!>1-Can be use but have some bugs.O
<!>2-Can be use but have a lot of small bugs.！
<!>3-Can be use but have a lot of small bugs and some serious problems they may cause the Application cannot be use.X
<!>4-Only can be use on Windows 10.0.10130 Pro Insider Preview 64-Bit, Java 6+,Memory 4GBits ,Intel Core i3 2120 CPU @ 3.30GHz 3.30GHz!X!
<!>----------------
